386|LINK: 8.04-Lahey -- Copyright (C) 1986-97 Phar Lap Software, Inc.


Linking for 32-bit protected mode


Command line switches:

-LIBPATH C:\LF9045\Lib
@C:\TEMP\LFT5.
"C:\LF90\BIN\lfinit.obj"
"C:\LF90\BIN\ptest.obj"
"datecheck.obj"
-lib lf90.lib
-lib dosx.lib
-libpath \lf90\lib
-stack 20000h
-offset 8192
-exeformat exp
-exe "datecheck.exe"
-stub gotntvm
-maxdata 0
-minreal 0h
-maxreal ffffh


Input module(s):

Stub "GOTNTVM" from file "\lf90\lib\dosx.lib"  [Fri Jun 13 14:08:10 1997].
"lfinit" from file "C:\LF90\BIN\lfinit.obj"  [Wed Apr 08 15:32:14 1998].
"pentest" from file "C:\LF90\BIN\ptest.obj"  [Sat Apr 25 13:18:30 1998].
"datecheck" from file "datecheck.obj"  [Thu Oct 08 15:48:12 1998].
"fmtot" from file "\lf90\lib\lf90.lib"  [Tue Apr 21 17:27:56 1998].
"minimum" from file "\lf90\lib\lf90.lib"  [Tue Apr 21 17:27:56 1998].
"open" from file "\lf90\lib\lf90.lib"  [Tue Apr 21 17:27:56 1998].
"memory" from file "\lf90\lib\lf90.lib"  [Tue Apr 21 17:27:56 1998].
"flg2rt" from file "\lf90\lib\lf90.lib"  [Tue Apr 21 17:27:56 1998].
"inter" from file "\lf90\lib\lf90.lib"  [Tue Apr 21 17:27:56 1998].
"chkstack" from file "\lf90\lib\lf90.lib"  [Tue Apr 21 17:27:56 1998].
"errpub" from file "\lf90\lib\lf90.lib"  [Tue Apr 21 17:27:56 1998].
"cifstub" from file "\lf90\lib\lf90.lib"  [Tue Apr 21 17:27:56 1998].
"extender" from file "\lf90\lib\lf90.lib"  [Tue Apr 21 17:27:56 1998].
"mw_asm0" from file "\lf90\lib\lf90.lib"  [Tue Apr 21 17:27:56 1998].
"afmtio" from file "\lf90\lib\lf90.lib"  [Tue Apr 21 17:27:56 1998].
"ereport" from file "\lf90\lib\lf90.lib"  [Tue Apr 21 17:27:56 1998].
"fcb" from file "\lf90\lib\lf90.lib"  [Tue Apr 21 17:27:56 1998].
"fmtio" from file "\lf90\lib\lf90.lib"  [Tue Apr 21 17:27:56 1998].
"iomisc" from file "\lf90\lib\lf90.lib"  [Tue Apr 21 17:27:56 1998].
"pause" from file "\lf90\lib\lf90.lib"  [Tue Apr 21 17:27:56 1998].
"dosio" from file "\lf90\lib\lf90.lib"  [Tue Apr 21 17:27:56 1998].
"lfsold" from file "\lf90\lib\lf90.lib"  [Tue Apr 21 17:27:56 1998].
"errno" from file "\lf90\lib\lf90.lib"  [Tue Apr 21 17:27:56 1998].
"lfctype" from file "\lf90\lib\lf90.lib"  [Tue Apr 21 17:27:56 1998].
"adirect" from file "\lf90\lib\lf90.lib"  [Tue Apr 21 17:27:56 1998].
"fmtin" from file "\lf90\lib\lf90.lib"  [Tue Apr 21 17:27:56 1998].
"fmtnomod" from file "\lf90\lib\lf90.lib"  [Tue Apr 21 17:27:56 1998].
"location" from file "\lf90\lib\lf90.lib"  [Tue Apr 21 17:27:56 1998].
"lfgetenv" from file "\lf90\lib\lf90.lib"  [Tue Apr 21 17:27:56 1998].
"cstring" from file "\lf90\lib\lf90.lib"  [Tue Apr 21 17:27:56 1998].


Segment map

     Name         Group         Class     Type   Offset     Size
------------  ------------  ------------  ----  --------  --------
??code        CGROUP        CODE          PUB   00002000  00001AE3
_TEXT         CGROUP        CODE          PUB   00003AE4  0000A9A4
??lfusrtrm    CGROUP        CODE          PUB   0000E488  00000000
??lfusrnit    CGROUP        CODE          PUB   0000E488  00000000
??data        DGROUP        DATA          PUB   0000F000  000010DF
_DATA         DGROUP        DATA          PUB   000100E0  00000CC2
_lc__FLG2RT   DGROUP        DATA          COM   00010DB0  00000040
_lc__rt_com-  DGROUP        DATA          COM   00010DF0  00000001
CONST         DGROUP        CONST         PUB   00010DF4  000006FC
??bss         DGROUP        BSS           PUB   000114F0  00000000
_BSS          DGROUP        BSS           PUB   000114F0  00000C5C
_EBSS_        DGROUP        BSS           PUB   0001214C  00000000
c_common      DGROUP        BSS           PUB   00012150  00000000
??stack       DGROUP        STACK         STK   00012150  00020000


Public symbols

     Name       Value      Module        Segment      Size
------------  --------  ------------  ------------  --------
$$GOTNTVM     00000001                              
_ebss         0001214C  lfinit        _EBSS_        
_edata        000114F0                _BSS          
_lc__FLG2RT   00010DB0  datecheck     _lc__FLG2RT   
_lf_7_close   00006284  minimum       _TEXT         
_lf_7_open    0000BD68  dosio         _TEXT         
_lf_7_read    0000BF0C  dosio         _TEXT         
_lf_7_write   0000BF90  dosio         _TEXT         
_lf___close   0000BE5C  dosio         _TEXT         
_lf__back1_-  0000B504  iomisc        _TEXT         
_lf__create   0000BE1C  dosio         _TEXT         
_lf__drst     0000B5FC  iomisc        _TEXT         
_lf__gpvc     0000B464  iomisc        _TEXT         
_lf__lseek    0000BE80  dosio         _TEXT         
_lf__lsize    0000BEC4  dosio         _TEXT         
_lf__prompt   00010AE0  iomisc        _DATA         
_lf__unlink   0000BFD8  dosio         _TEXT         
_lf_absolut-  0000934C  ereport       _TEXT         
_lf_alloc_b-  0000643C  minimum       _TEXT         
_lf_alocfcb   00009C90  fcb           _TEXT         
_lf_altreta   00008445  errpub        _TEXT         
_lf_ascii_t-  0000DF0C  fmtin         _TEXT         
_lf_ascii_t-  0000E020  fmtin         _TEXT         
_lf_assign_-  00008538  errpub        _TEXT         
_lf_brakdfl   000038BC  inter         ??code        
_lf_braklog   00003890  inter         ??code        
_lf_buffer_-  000104DC  flg2rt        _DATA         
_lf_c_shutd-  000085BC  cifstub       _TEXT         
_lf_c_start-  000085B8  cifstub       _TEXT         
_lf_calloc    00007CA4  memory        _TEXT         
_lf_check_d-  0000BDA8  dosio         _TEXT         
_lf_check_f-  00009D84  fcb           _TEXT         
_lf_check_p-  0000A858  fmtio         _TEXT         
_lf_check_s-  00008380  chkstack      _TEXT         
_lf_chopfil   0000BFF4  dosio         _TEXT         
_lf_clear_i-  000083FC  errpub        _TEXT         
_lf_clenflag  0000B04C  fmtio         _TEXT         
_lf_cmp_name  0000B2A8  iomisc        _TEXT         
_lf_codeend   0000F004  lfinit        ??data        
_lf_codesta-  0000F000  lfinit        ??data        
_lf_command-  0000F038  lfinit        ??data        
_lf_command-  0000F034  lfinit        ??data        
_lf_conflsh   00006190  minimum       _TEXT         
_lf_create_-  0000BCE0  dosio         _TEXT         
_lf_crrnt_c-  000109EF  fmtio         _DATA         
_lf_ctype_    00011378  lfctype       CONST         
_lf_curfcb    000102D0  minimum       _DATA         
_lf_datasta-  0000F008  lfinit        ??data        
_lf_dcode     0000C468  fmtin         _TEXT         
_lf_default-  000104D8  flg2rt        _DATA         
_lf_deinsta-  00003344  inter         ??code        
_lf_deinsta-  00003064  inter         ??code        
_lf_deinsta-  000030B8  inter         ??code        
_lf_deinsta-  000030F4  inter         ??code        
_lf_deinsta-  00003130  inter         ??code        
_lf_delfcb    00006124  minimum       _TEXT         
_lf_determi-  00009E7C  fmtio         _TEXT         
_lf_display   0000BC70  pause         _TEXT         
_lf_doinc0a   000084A5  errpub        _TEXT         
_lf_dpmi_fl-  0000F14C  lfinit        ??data        
_lf_dpowuw    00006094  fmtot         _TEXT         
_lf_ebp_of_-  000102C0  minimum       _DATA         
_lf_eip_of_-  000102BC  minimum       _DATA         
_lf_emergen-  00002554  lfinit        ??code        
_lf_emit_er-  00008CC8  ereport       _TEXT         
_lf_emit_me-  000024EC  lfinit        ??code        
_lf_emit_me-  00002518  lfinit        ??code        
_lf_end_inp-  0000A898  fmtio         _TEXT         
_lf_end_out-  0000AA14  fmtio         _TEXT         
_lf_ensure_-  0000B9D4  iomisc        _TEXT         
_lf_env_len-  0000F144  lfinit        ??data        
_lf_env_poi-  0000F148  lfinit        ??data        
_lf_EOL_FF    0000DDBC  fmtin         _TEXT         
_lf_err_fcb   000102C8  minimum       _DATA         
_lf_err_pos-  000102C4  minimum       _DATA         
_lf_errno     00010B58  errno         _DATA         
_lf_error_e-  0001081C  ereport       _DATA         
_lf_error_e-  00010824  ereport       _DATA         
_lf_error_e-  00010820  ereport       _DATA         
_lf_error_i-  0000859E  errpub        _TEXT         
_lf_excepti-  0000935C  ereport       _TEXT         
_lf_exitdos   000023B4  lfinit        ??code        
_lf_extende-  00008618  extender      _TEXT         
_lf_extende-  00008658  extender      _TEXT         
_lf_extende-  0000862C  extender      _TEXT         
_lf_extende-  00008640  extender      _TEXT         
_lf_extende-  00008670  extender      _TEXT         
_lf_f90_con-  000104F8  flg2rt        _DATA         
_lf_fcb_list  000102CC  minimum       _DATA         
_lf_file_of-  00010830  ereport       _DATA         
_lf_finish_-  0000253D  lfinit        ??code        
_lf_flush_u-  0000BB20  iomisc        _TEXT         
_lf_fmalloc-  00009480  ereport       _TEXT         
_lf_fmt_ini-  00009ED8  fmtio         _TEXT         
_lf_fmt_lis-  00009F40  fmtio         _TEXT         
_lf_fmtflag   000109DC  fmtio         _DATA         
_lf_fmtmod    0000E06C  fmtnomod      _TEXT         
_lf_fndname   00009C3C  fcb           _TEXT         
_lf_fndunit   000060D8  minimum       _TEXT         
_lf_fpu_con-  0000F423  lfinit        ??data        
_lf_free      00007DBC  memory        _TEXT         
_lf_get_byte  00006544  minimum       _TEXT         
_lf_get_cur-  00009D10  fcb           _TEXT         
_lf_get_env   0000E120  lfgetenv      _TEXT         
_lf_get_env-  0000E168  lfgetenv      _TEXT         
_lf_get_fmt-  0000AF4C  fmtio         _TEXT         
_lf_get_n_d   0000C040  adirect       _TEXT         
_lf_get_n_f-  000087E4  afmtio        _TEXT         
_lf_getenv    0000E080  lfgetenv      _TEXT         
_lf_inchr     0000C9C0  fmtin         _TEXT         
_lf_incmx16   0000C738  fmtin         _TEXT         
_lf_incmx8    0000C710  fmtin         _TEXT         
_lf_indnf     0000C4D8  fmtin         _TEXT         
_lf_indnfa    0000C568  fmtin         _TEXT         
_lf_inint1    0000C630  fmtin         _TEXT         
_lf_inint2    0000C654  fmtin         _TEXT         
_lf_inint4    0000C5E8  fmtin         _TEXT         
_lf_inint8    0000C60C  fmtin         _TEXT         
_lf_init      00002020  lfinit        ??code        
_lf_init_de-  0000DC30  fmtin         _TEXT         
_lf_init_fcb  00009D18  fcb           _TEXT         
_lf_init_in-  00009DA0  fmtio         _TEXT         
_lf_initial-  00002000  lfinit        ??code        
_lf_initial-  0000821C  memory        _TEXT         
_lf_inlog1    0000C904  fmtin         _TEXT         
_lf_inlog4    0000C8E0  fmtin         _TEXT         
_lf_inrel4    0000C5A0  fmtin         _TEXT         
_lf_inrel8    0000C5C4  fmtin         _TEXT         
_lf_install-  000032D4  inter         ??code        
_lf_install-  0000316C  inter         ??code        
_lf_install-  0000322C  inter         ??code        
_lf_install-  00003280  inter         ??code        
_lf_install-  000031D8  inter         ??code        
_lf_intdos    000086C4  mw_asm0       _TEXT         
_lf_intrin_-  000094DC  ereport       _TEXT         
_lf_intrin_-  000083D3  errpub        _TEXT         
_lf_intzf     0000C254  fmtin         _TEXT         
_lf_intzfa    0000C3D4  fmtin         _TEXT         
_lf_io_emit-  00009318  ereport       _TEXT         
_lf_ioerr     000083B0  errpub        _TEXT         
_lf_iostat    000102B8  minimum       _DATA         
_lf_iostat_-  0000923C  ereport       _TEXT         
_lf_itemsize  0000B0A0  fmtio         _TEXT         
_lf_line_of-  0001082C  ereport       _DATA         
_lf_link_th-  000104F4  flg2rt        _DATA         
_lf_lsl_ds    00002468  lfinit        ??code        
_lf_main      00003B40  datecheck     _TEXT         
_lf_main_er-  0000C03D  lfsold        _TEXT         
_lf_malloc    00007C88  memory        _TEXT         
_lf_margin_-  00005B98  fmtot         _TEXT         
_lf_memchr    0000E364  cstring       _TEXT         
_lf_memcmp    0000E2D0  cstring       _TEXT         
_lf_memcmpr   0000B3D4  iomisc        _TEXT         
_lf_memcopy   0000B444  iomisc        _TEXT         
_lf_memicmp   0000E30C  cstring       _TEXT         
_lf_memmem    0000E384  cstring       _TEXT         
_lf_message-  00010828  ereport       _DATA         
_lf_nbrak     000038AC  inter         ??code        
_lf_ncode     00004250  fmtot         _TEXT         
_lf_negdima   000084D5  errpub        _TEXT         
_lf_next_bu-  000065B4  minimum       _TEXT         
_lf_next_wr-  00006674  minimum       _TEXT         
_lf_nl_flag   000109EE  fmtio         _DATA         
_lf_no_head-  000104D4  flg2rt        _DATA         
_lf_ntznumf   0000B094  fmtio         _TEXT         
_lf_null_pr-  0000C03F  lfsold        _TEXT         
_lf_ontzf     00004030  fmtot         _TEXT         
_lf_ontzfa    000041E8  fmtot         _TEXT         
_lf_open      000066CC  open          _TEXT         
_lf_osmajor   0000F150  lfinit        ??data        
_lf_osminor   0000F151  lfinit        ??data        
_lf_otchr     000048E8  fmtot         _TEXT         
_lf_otcmx16   00004668  fmtot         _TEXT         
_lf_otcmx8    00004608  fmtot         _TEXT         
_lf_otdnf     000042C0  fmtot         _TEXT         
_lf_otint1    00004438  fmtot         _TEXT         
_lf_otint2    00004484  fmtot         _TEXT         
_lf_otint4    000044D0  fmtot         _TEXT         
_lf_otint8    0000451C  fmtot         _TEXT         
_lf_otlog1    000047F0  fmtot         _TEXT         
_lf_otlog4    00004814  fmtot         _TEXT         
_lf_otrel4    00004380  fmtot         _TEXT         
_lf_otrel8    000043DC  fmtot         _TEXT         
_lf_output_-  000109D8  fmtio         _DATA         
_lf_page_lo-  00003000  inter         ??code        
_lf_pause     0000BBD8  pause         _TEXT         
_lf_pause1    0000BBE8  pause         _TEXT         
_lf_penttest  00003AE4  pentest       _TEXT         
_lf_pfill     000101E1  fmtot         _DATA         
_lf_program-  0000F02C  lfinit        ??data        
_lf_ptr_asg-  0000856B  errpub        _TEXT         
_lf_put_byte  000065D4  minimum       _TEXT         
_lf_put_fmt-  0000ABC8  fmtio         _TEXT         
_lf_put_n_d   0000C144  adirect       _TEXT         
_lf_put_n_f-  00008958  afmtio        _TEXT         
_lf_read_bu-  0000B8B8  iomisc        _TEXT         
_lf_realloc   00007D00  memory        _TEXT         
_lf_refbnda   00008415  errpub        _TEXT         
_lf_release-  00009D3C  fcb           _TEXT         
_lf_rep_cnt   00011F44  fmtin         _BSS          
_lf_resize_-  00002470  lfinit        ??code        
_lf_rt_io_e-  0000937C  ereport       _TEXT         
_lf_rtp_fla-  00010000  inter         ??data        
_lf_scan_di-  0000DC44  fmtin         _TEXT         
_lf_set_io_-  0000BB90  iomisc        _TEXT         
_lf_set_ios-  0000BB6C  iomisc        _TEXT         
_lf_set_loc-  0000E070  location      _TEXT         
_lf_set_name  00006484  minimum       _TEXT         
_lf_set_rea-  0000B120  iomisc        _TEXT         
_lf_set_rec-  0000B5A0  iomisc        _TEXT         
_lf_set_wri-  0000B174  iomisc        _TEXT         
_lf_setup_f-  000082E0  flg2rt        _TEXT         
_lf_shape_e-  00008505  errpub        _TEXT         
_lf_show_pr-  0000BCA8  pause         _TEXT         
_lf_sold_ea-  0000C030  lfsold        _TEXT         
_lf_sold_ND-  0000C03E  lfsold        _TEXT         
_lf_spindri-  00007C34  open          _TEXT         
_lf_spindri-  00010B4C  dosio         _DATA         
_lf_spindri-  00007B10  open          _TEXT         
_lf_spindri-  00007C70  open          _TEXT         
_lf_stack_e-  0000948C  ereport       _TEXT         
_lf_stack_f-  00002540  lfinit        ??code        
_lf_stackbo-  0000F024  lfinit        ??data        
_lf_stackli-  0000F020  lfinit        ??data        
_lf_stackma-  0000F01C  lfinit        ??data        
_lf_stacktop  0000F018  lfinit        ??data        
_lf_status    0000F425  lfinit        ??data        
_lf_stop      000061E4  minimum       _TEXT         
_lf_stop1     000061F4  minimum       _TEXT         
_lf_strcat    0000B2F4  iomisc        _TEXT         
_lf_strchr    0000E2B0  cstring       _TEXT         
_lf_strcmpr   0000B32C  iomisc        _TEXT         
_lf_strcopy   0000B400  iomisc        _TEXT         
_lf_strcpy    0000E26C  cstring       _TEXT         
_lf_strncpy   0000E284  cstring       _TEXT         
_lf_strpbrk   0000E45C  cstring       _TEXT         
_lf_strstr    0000E414  cstring       _TEXT         
_lf_subbnda   00008475  errpub        _TEXT         
_lf_tag_fcb   00006170  minimum       _TEXT         
_lf_trace     000104FC  flg2rt        _DATA         
_lf_trace_b-  00009830  ereport       _TEXT         
_lf_trap_ma-  0000F028  lfinit        ??data        
_lf_truncate  0000B20C  iomisc        _TEXT         
_lf_unit_ch-  0000B27C  iomisc        _TEXT         
_lf_unused11  00010500  flg2rt        _DATA         
_lf_unused12  00010504  flg2rt        _DATA         
_lf_unused13  00010508  flg2rt        _DATA         
_lf_unused14  0001050C  flg2rt        _DATA         
_lf_unused15  00010510  flg2rt        _DATA         
_lf_unused16  00010514  flg2rt        _DATA         
_lf_vect_le-  000094AC  ereport       _TEXT         
_lf_write_b-  00006378  minimum       _TEXT         
_lfacos_err-  0000939C  ereport       _TEXT         
_lfasin_err-  000093A8  ereport       _TEXT         
_lfc_div_c_-  00009450  ereport       _TEXT         
_lfcabs_err-  000093FC  ereport       _TEXT         
_lfccos_err-  00009408  ereport       _TEXT         
_lfcexp_err-  00009414  ereport       _TEXT         
_lfcheck_de-  000079C0  open          _TEXT         
_lfclog_err-  00009420  ereport       _TEXT         
_lfcosh_err-  000093B4  ereport       _TEXT         
_lfcsin_err-  0000942C  ereport       _TEXT         
_lfcsqrt_er-  00009438  ereport       _TEXT         
_lfdz_div_e-  00009474  ereport       _TEXT         
_lfexp_error  000093C0  ereport       _TEXT         
_lffltused    00010DF0  mw_asm0       _lc__rt_com-  
_lflog10_er-  000093CC  ereport       _TEXT         
_lflog_error  000093D8  ereport       _TEXT         
_lfpower_er-  00009444  ereport       _TEXT         
_lfrc_div_e-  00009468  ereport       _TEXT         
_lfsinh_err-  000093E4  ereport       _TEXT         
_lfsqrt_err-  000093F0  ereport       _TEXT         
_lftrunc_     00008690  mw_asm0       _TEXT         
_lftruncu_    00008690  mw_asm0       _TEXT         
_lfz_div_z_-  0000945C  ereport       _TEXT         
do_test       00003B08  pentest       _TEXT         
env_var_len-  00011F48  lfgetenv      _BSS          
INVMJD        00003C70  datecheck     _TEXT         
